// Jest Snapshot v1, https://goo.gl/fbAQLP

exports[`<ChatbootButton /> should match snapshot 1`] = `
<div>
  <button
    class="text-secondary
  fixed
  cursor-pointer
  bg-primary
  flex
  items-center
  justify-center
  rounded-full
  w-[3.125rem]
  h-[3.125rem]
  lg:w-[3.75rem]
  lg:h-[3.75rem]
  bottom-[0.5rem]
  right-[1.563rem]
  xs:bottom-[5.375rem]
  lg:bottom-[3.563rem]
  lg:right-[3.563rem]
  hover:bg-transparent
  hover:text-primary
  hover:border-primary
  hover:border-[0.063rem]
  transition ease-in-out
  focus:outline-none
  focus:ring
  focus:ring-0
  focus:ring-primary
  active:bg-transparent
  z-50
  "
  >
    <span
      class="
  text-white
  text-lg
  lg:text-xl
  fixed
  right-[2rem]
  bottom-[4rem]
  xs:bottom-[9rem]
  lg:bottom-[8rem]
  lg:right-[4.3rem]
  leading-6
  font-medium
"
    >
      Chat
    </span>
    <span />
  </button>
</div>
`;
