// Jest Snapshot v1, https://goo.gl/fbAQLP

exports[`<Slider /> should match snapshot 1`] = `
<div
  class="
flex
"
>
  <div
    class="
hidden cursor-pointer lg:flex mr-[4.25rem]
"
  >
    <img
      alt="Seta maior"
      src="/Vector2.svg"
    />
    <img
      alt="Seta menor"
      src="/Vector.svg"
    />
  </div>
  <div
    class="
 overflow-hidden
 max-w-[1200px]
 flex
 md:justify-around
 bg-[#212948]
 h-[36.25rem]  
 py-[2rem]
 md:py-[0rem]
 md:h-[29.25rem]
 md:items-center
"
  >
    <div
      class="
m-0 mr-[4rem] w-full md:mr-0 md:pl-[4rem] 
"
    >
      <div
        class="
ease flex  w-full transition items-end
"
        draggable="true"
        style="transform: translateX(0%);"
      >
        <div
          class="inline-block h-full"
        >
          <div
            data-testid="Mock TestimonialCard"
          />
        </div>
        <div
          class="inline-block h-full"
        >
          <div
            data-testid="Mock TestimonialCard"
          />
        </div>
        <div
          class="inline-block h-full"
        >
          <div
            data-testid="Mock TestimonialCard"
          />
        </div>
        <div
          class="inline-block h-full"
        >
          <div
            data-testid="Mock TestimonialCard"
          />
        </div>
      </div>
    </div>
  </div>
</div>
`;
