// Jest Snapshot v1, https://goo.gl/fbAQLP

exports[`<Headline /> should match snapshot 1`] = `
<div>
  <div
    class="
relative flex flex-col text-white  
  min-w-[25.25rem] 
items-start"
  >
    <h2
      class="
  text-4xl font-bold lg:text-7xl 
} "
    >
      Hello
    </h2>
  </div>
</div>
`;
